Analysis & Synthesis report for tigger_game
Fri Oct 27 23:05:01 2023
Quartus II 64-Bit Version 9.1 Build 222 10/21/2009 SJ Full Version


---------------------
; Table of Contents ;
---------------------
  1. Legal Notice
  2. Analysis & Synthesis Summary
  3. Analysis & Synthesis Settings
  4. Parallel Compilation
  5. Analysis & Synthesis Source Files Read
  6. Analysis & Synthesis Resource Usage Summary
  7. Analysis & Synthesis Resource Utilization by Entity
  8. General Register Statistics
  9. Parameter Settings for User Entity Instance: FreqDiv16:inst1|74161:inst
 10. Analysis & Synthesis Messages



----------------
; Legal Notice ;
----------------
Copyright (C) 1991-2009 Altera Corporation
Your use of Altera Corporation's design tools, logic functions 
and other software and tools, and its AMPP partner logic 
functions, and any output files from any of the foregoing 
(including device programming or simulation files), and any 
associated documentation or information are expressly subject 
to the terms and conditions of the Altera Program License 
Subscription Agreement, Altera MegaCore Function License 
Agreement, or other applicable license agreement, including, 
without limitation, that your use is for the sole purpose of 
programming logic devices manufactured by Altera and sold by 
Altera or its authorized distributors.  Please refer to the 
applicable agreement for further details.



+------------------------------------------------------------------------+
; Analysis & Synthesis Summary                                           ;
+-----------------------------+------------------------------------------+
; Analysis & Synthesis Status ; Successful - Fri Oct 27 23:05:01 2023    ;
; Quartus II 64-Bit Version   ; 9.1 Build 222 10/21/2009 SJ Full Version ;
; Revision Name               ; tigger_game                              ;
; Top-level Entity Name       ; tigger_game                              ;
; Family                      ; MAX II                                   ;
; Total logic elements        ; 144                                      ;
; Total pins                  ; 29                                       ;
; Total virtual pins          ; 0                                        ;
; UFM blocks                  ; 0 / 1 ( 0 % )                            ;
+-----------------------------+------------------------------------------+


+----------------------------------------------------------------------------------------------------------------------+
; Analysis & Synthesis Settings                                                                                        ;
+----------------------------------------------------------------------------+--------------------+--------------------+
; Option                                                                     ; Setting            ; Default Value      ;
+----------------------------------------------------------------------------+--------------------+--------------------+
; Device                                                                     ; EPM570T100C5       ;                    ;
; Top-level entity name                                                      ; tigger_game        ; tigger_game        ;
; Family name                                                                ; MAX II             ; Stratix II         ;
; Use Generated Physical Constraints File                                    ; Off                ;                    ;
; Use smart compilation                                                      ; Off                ; Off                ;
; Enable parallel Assembler and TimeQuest Timing Analyzer during compilation ; On                 ; On                 ;
; Enable compact report table                                                ; Off                ; Off                ;
; Restructure Multiplexers                                                   ; Auto               ; Auto               ;
; Create Debugging Nodes for IP Cores                                        ; Off                ; Off                ;
; Preserve fewer node names                                                  ; On                 ; On                 ;
; Disable OpenCore Plus hardware evaluation                                  ; Off                ; Off                ;
; Verilog Version                                                            ; Verilog_2001       ; Verilog_2001       ;
; VHDL Version                                                               ; VHDL_1993          ; VHDL_1993          ;
; State Machine Processing                                                   ; Auto               ; Auto               ;
; Safe State Machine                                                         ; Off                ; Off                ;
; Extract Verilog State Machines                                             ; On                 ; On                 ;
; Extract VHDL State Machines                                                ; On                 ; On                 ;
; Ignore Verilog initial constructs                                          ; Off                ; Off                ;
; Iteration limit for constant Verilog loops                                 ; 5000               ; 5000               ;
; Iteration limit for non-constant Verilog loops                             ; 250                ; 250                ;
; Add Pass-Through Logic to Inferred RAMs                                    ; On                 ; On                 ;
; Parallel Synthesis                                                         ; On                 ; On                 ;
; NOT Gate Push-Back                                                         ; On                 ; On                 ;
; Power-Up Don't Care                                                        ; On                 ; On                 ;
; Remove Redundant Logic Cells                                               ; Off                ; Off                ;
; Remove Duplicate Registers                                                 ; On                 ; On                 ;
; Ignore CARRY Buffers                                                       ; Off                ; Off                ;
; Ignore CASCADE Buffers                                                     ; Off                ; Off                ;
; Ignore GLOBAL Buffers                                                      ; Off                ; Off                ;
; Ignore ROW GLOBAL Buffers                                                  ; Off                ; Off                ;
; Ignore LCELL Buffers                                                       ; Off                ; Off                ;
; Ignore SOFT Buffers                                                        ; On                 ; On                 ;
; Limit AHDL Integers to 32 Bits                                             ; Off                ; Off                ;
; Optimization Technique                                                     ; Balanced           ; Balanced           ;
; Carry Chain Length                                                         ; 70                 ; 70                 ;
; Auto Carry Chains                                                          ; On                 ; On                 ;
; Auto Open-Drain Pins                                                       ; On                 ; On                 ;
; Perform WYSIWYG Primitive Resynthesis                                      ; Off                ; Off                ;
; Auto Shift Register Replacement                                            ; Auto               ; Auto               ;
; Auto Clock Enable Replacement                                              ; On                 ; On                 ;
; Allow Synchronous Control Signals                                          ; On                 ; On                 ;
; Force Use of Synchronous Clear Signals                                     ; Off                ; Off                ;
; Auto Resource Sharing                                                      ; Off                ; Off                ;
; Use LogicLock Constraints during Resource Balancing                        ; On                 ; On                 ;
; Ignore translate_off and synthesis_off directives                          ; Off                ; Off                ;
; Show Parameter Settings Tables in Synthesis Report                         ; On                 ; On                 ;
; Ignore Maximum Fan-Out Assignments                                         ; Off                ; Off                ;
; Synchronization Register Chain Length                                      ; 2                  ; 2                  ;
; PowerPlay Power Optimization                                               ; Normal compilation ; Normal compilation ;
; HDL message level                                                          ; Level2             ; Level2             ;
; Suppress Register Optimization Related Messages                            ; Off                ; Off                ;
; Number of Removed Registers Reported in Synthesis Report                   ; 100                ; 100                ;
; Number of Inverted Registers Reported in Synthesis Report                  ; 100                ; 100                ;
; Clock MUX Protection                                                       ; On                 ; On                 ;
; Block Design Naming                                                        ; Auto               ; Auto               ;
; Synthesis Effort                                                           ; Auto               ; Auto               ;
; Shift Register Replacement - Allow Asynchronous Clear Signal               ; On                 ; On                 ;
; Analysis & Synthesis Message Level                                         ; Medium             ; Medium             ;
; Disable Register Merging Across Hierarchies                                ; Auto               ; Auto               ;
+----------------------------------------------------------------------------+--------------------+--------------------+


+------------------------------------------+
; Parallel Compilation                     ;
+----------------------------+-------------+
; Processors                 ; Number      ;
+----------------------------+-------------+
; Number detected on machine ; 4           ;
; Maximum allowed            ; 4           ;
;                            ;             ;
; Average used               ; 1.00        ;
; Maximum used               ; 1           ;
;                            ;             ;
; Usage by Processor         ; % Time Used ;
;     1 processor            ; 100.0%      ;
;     2-4 processors         ;   0.0%      ;
+----------------------------+-------------+


+-----------------------------------------------------------------------------------------------------------------------------------------------------------------------------------+
; Analysis & Synthesis Source Files Read                                                                                                                                            ;
+---------------------------------------------+-----------------+------------------------------------+------------------------------------------------------------------------------+
; File Name with User-Entered Path            ; Used in Netlist ; File Type                          ; File Name with Absolute Path                                                 ;
+---------------------------------------------+-----------------+------------------------------------+------------------------------------------------------------------------------+
; driver/BlockDesignFile/euqal.bdf            ; yes             ; User Block Diagram/Schematic File  ; D:/Everylanguage/EDA/game - Copy/driver/BlockDesignFile/euqal.bdf            ;
; driver/BlockDesignFile/Scan_Disp_ABCDIG.vhd ; yes             ; User VHDL File                     ; D:/Everylanguage/EDA/game - Copy/driver/BlockDesignFile/Scan_Disp_ABCDIG.vhd ;
; driver/BlockDesignFile/Freq_Divider.vhd     ; yes             ; User VHDL File                     ; D:/Everylanguage/EDA/game - Copy/driver/BlockDesignFile/Freq_Divider.vhd     ;
; driver/BlockDesignFile/FreqDiv16.bdf        ; yes             ; User Block Diagram/Schematic File  ; D:/Everylanguage/EDA/game - Copy/driver/BlockDesignFile/FreqDiv16.bdf        ;
; driver/tigger_game.bdf                      ; yes             ; User Block Diagram/Schematic File  ; D:/Everylanguage/EDA/game - Copy/driver/tigger_game.bdf                      ;
; driver/BlockDesignFile/distinctHZ.bdf       ; yes             ; User Block Diagram/Schematic File  ; D:/Everylanguage/EDA/game - Copy/driver/BlockDesignFile/distinctHZ.bdf       ;
; driver/BlockDesignFile/delay_button.bdf     ; yes             ; User Block Diagram/Schematic File  ; D:/Everylanguage/EDA/game - Copy/driver/BlockDesignFile/delay_button.bdf     ;
; driver/BlockDesignFile/fake_game.bdf        ; yes             ; User Block Diagram/Schematic File  ; D:/Everylanguage/EDA/game - Copy/driver/BlockDesignFile/fake_game.bdf        ;
; driver/BlockDesignFile/binary_output.vhd    ; yes             ; User VHDL File                     ; D:/Everylanguage/EDA/game - Copy/driver/BlockDesignFile/binary_output.vhd    ;
; 74160.bdf                                   ; yes             ; Megafunction                       ; d:/programs/eda/altrea/91/quartus/libraries/others/maxplus2/74160.bdf        ;
; 74161.tdf                                   ; yes             ; Megafunction                       ; d:/programs/eda/altrea/91/quartus/libraries/others/maxplus2/74161.tdf        ;
; f74161.bdf                                  ; yes             ; Megafunction                       ; d:/programs/eda/altrea/91/quartus/libraries/others/maxplus2/f74161.bdf       ;
+---------------------------------------------+-----------------+------------------------------------+------------------------------------------------------------------------------+


+------------------------------------------------------------------------------+
; Analysis & Synthesis Resource Usage Summary                                  ;
+---------------------------------------------+--------------------------------+
; Resource                                    ; Usage                          ;
+---------------------------------------------+--------------------------------+
; Total logic elements                        ; 144                            ;
;     -- Combinational with no register       ; 80                             ;
;     -- Register only                        ; 0                              ;
;     -- Combinational with a register        ; 64                             ;
;                                             ;                                ;
; Logic element usage by number of LUT inputs ;                                ;
;     -- 4 input functions                    ; 63                             ;
;     -- 3 input functions                    ; 33                             ;
;     -- 2 input functions                    ; 36                             ;
;     -- 1 input functions                    ; 11                             ;
;     -- 0 input functions                    ; 1                              ;
;                                             ;                                ;
; Logic elements by mode                      ;                                ;
;     -- normal mode                          ; 126                            ;
;     -- arithmetic mode                      ; 18                             ;
;     -- qfbk mode                            ; 0                              ;
;     -- register cascade mode                ; 0                              ;
;     -- synchronous clear/load mode          ; 4                              ;
;     -- asynchronous clear/load mode         ; 24                             ;
;                                             ;                                ;
; Total registers                             ; 64                             ;
; Total logic cells in carry chains           ; 21                             ;
; I/O pins                                    ; 29                             ;
; Maximum fan-out node                        ; Scan_Disp_ABCDIG:inst31|cnt[0] ;
; Maximum fan-out                             ; 19                             ;
; Total fan-out                               ; 557                            ;
; Average fan-out                             ; 3.22                           ;
+---------------------------------------------+--------------------------------+


+-------------------------------------------------------------------------------------------------------------------------------------------------------------------------------------------------------------------------------------------------------+
; Analysis & Synthesis Resource Utilization by Entity                                                                                                                                                                                                   ;
+------------------------------+-------------+--------------+------------+------+--------------+--------------+-------------------+------------------+-----------------+------------+----------------------------------------------------+--------------+
; Compilation Hierarchy Node   ; Logic Cells ; LC Registers ; UFM Blocks ; Pins ; Virtual Pins ; LUT-Only LCs ; Register-Only LCs ; LUT/Register LCs ; Carry Chain LCs ; Packed LCs ; Full Hierarchy Name                                ; Library Name ;
+------------------------------+-------------+--------------+------------+------+--------------+--------------+-------------------+------------------+-----------------+------------+----------------------------------------------------+--------------+
; |tigger_game                 ; 144 (3)     ; 64           ; 0          ; 29   ; 0            ; 80 (3)       ; 0 (0)             ; 64 (0)           ; 21 (0)          ; 0 (0)      ; |tigger_game                                       ; work         ;
;    |FreqDiv16:inst1|         ; 5 (0)       ; 4            ; 0          ; 0    ; 0            ; 1 (0)        ; 0 (0)             ; 4 (0)            ; 5 (0)           ; 0 (0)      ; |tigger_game|FreqDiv16:inst1                       ; work         ;
;       |74161:inst|           ; 5 (0)       ; 4            ; 0          ; 0    ; 0            ; 1 (0)        ; 0 (0)             ; 4 (0)            ; 5 (0)           ; 0 (0)      ; |tigger_game|FreqDiv16:inst1|74161:inst            ; work         ;
;          |f74161:sub|        ; 5 (5)       ; 4            ; 0          ; 0    ; 0            ; 1 (1)        ; 0 (0)             ; 4 (4)            ; 5 (5)           ; 0 (0)      ; |tigger_game|FreqDiv16:inst1|74161:inst|f74161:sub ; work         ;
;    |Freq_Divider:inst|       ; 57 (57)     ; 33           ; 0          ; 0    ; 0            ; 24 (24)      ; 0 (0)             ; 33 (33)          ; 16 (16)         ; 0 (0)      ; |tigger_game|Freq_Divider:inst                     ; work         ;
;    |Scan_Disp_ABCDIG:inst31| ; 41 (41)     ; 3            ; 0          ; 0    ; 0            ; 38 (38)      ; 0 (0)             ; 3 (3)            ; 0 (0)           ; 0 (0)      ; |tigger_game|Scan_Disp_ABCDIG:inst31               ; work         ;
;    |delay_button:inst3|      ; 6 (2)       ; 4            ; 0          ; 0    ; 0            ; 2 (2)        ; 0 (0)             ; 4 (0)            ; 0 (0)           ; 0 (0)      ; |tigger_game|delay_button:inst3                    ; work         ;
;       |74160:inst27|         ; 4 (4)       ; 4            ; 0          ; 0    ; 0            ; 0 (0)        ; 0 (0)             ; 4 (4)            ; 0 (0)           ; 0 (0)      ; |tigger_game|delay_button:inst3|74160:inst27       ; work         ;
;    |delay_button:inst4|      ; 5 (1)       ; 4            ; 0          ; 0    ; 0            ; 1 (1)        ; 0 (0)             ; 4 (0)            ; 0 (0)           ; 0 (0)      ; |tigger_game|delay_button:inst4                    ; work         ;
;       |74160:inst27|         ; 4 (4)       ; 4            ; 0          ; 0    ; 0            ; 0 (0)        ; 0 (0)             ; 4 (4)            ; 0 (0)           ; 0 (0)      ; |tigger_game|delay_button:inst4|74160:inst27       ; work         ;
;    |delay_button:inst6|      ; 6 (2)       ; 4            ; 0          ; 0    ; 0            ; 2 (2)        ; 0 (0)             ; 4 (0)            ; 0 (0)           ; 0 (0)      ; |tigger_game|delay_button:inst6                    ; work         ;
;       |74160:inst27|         ; 4 (4)       ; 4            ; 0          ; 0    ; 0            ; 0 (0)        ; 0 (0)             ; 4 (4)            ; 0 (0)           ; 0 (0)      ; |tigger_game|delay_button:inst6|74160:inst27       ; work         ;
;    |distinctHZ:inst11|       ; 5 (1)       ; 4            ; 0          ; 0    ; 0            ; 1 (1)        ; 0 (0)             ; 4 (0)            ; 0 (0)           ; 0 (0)      ; |tigger_game|distinctHZ:inst11                     ; work         ;
;       |74160:inst|           ; 4 (4)       ; 4            ; 0          ; 0    ; 0            ; 0 (0)        ; 0 (0)             ; 4 (4)            ; 0 (0)           ; 0 (0)      ; |tigger_game|distinctHZ:inst11|74160:inst          ; work         ;
;    |distinctHZ:inst12|       ; 5 (1)       ; 4            ; 0          ; 0    ; 0            ; 1 (1)        ; 0 (0)             ; 4 (0)            ; 0 (0)           ; 0 (0)      ; |tigger_game|distinctHZ:inst12                     ; work         ;
;       |74160:inst|           ; 4 (4)       ; 4            ; 0          ; 0    ; 0            ; 0 (0)        ; 0 (0)             ; 4 (4)            ; 0 (0)           ; 0 (0)      ; |tigger_game|distinctHZ:inst12|74160:inst          ; work         ;
;    |distinctHZ:inst13|       ; 5 (1)       ; 4            ; 0          ; 0    ; 0            ; 1 (1)        ; 0 (0)             ; 4 (0)            ; 0 (0)           ; 0 (0)      ; |tigger_game|distinctHZ:inst13                     ; work         ;
;       |74160:inst|           ; 4 (4)       ; 4            ; 0          ; 0    ; 0            ; 0 (0)        ; 0 (0)             ; 4 (4)            ; 0 (0)           ; 0 (0)      ; |tigger_game|distinctHZ:inst13|74160:inst          ; work         ;
;    |euqal:inst5|             ; 2 (2)       ; 0            ; 0          ; 0    ; 0            ; 2 (2)        ; 0 (0)             ; 0 (0)            ; 0 (0)           ; 0 (0)      ; |tigger_game|euqal:inst5                           ; work         ;
;    |euqal:inst7|             ; 2 (2)       ; 0            ; 0          ; 0    ; 0            ; 2 (2)        ; 0 (0)             ; 0 (0)            ; 0 (0)           ; 0 (0)      ; |tigger_game|euqal:inst7                           ; work         ;
;    |fake_game:inst22|        ; 1 (1)       ; 0            ; 0          ; 0    ; 0            ; 1 (1)        ; 0 (0)             ; 0 (0)            ; 0 (0)           ; 0 (0)      ; |tigger_game|fake_game:inst22                      ; work         ;
;    |fake_game:inst23|        ; 1 (1)       ; 0            ; 0          ; 0    ; 0            ; 1 (1)        ; 0 (0)             ; 0 (0)            ; 0 (0)           ; 0 (0)      ; |tigger_game|fake_game:inst23                      ; work         ;
+------------------------------+-------------+--------------+------------+------+--------------+--------------+-------------------+------------------+-----------------+------------+----------------------------------------------------+--------------+
Note: For table entries with two numbers listed, the numbers in parentheses indicate the number of resources of the given type used by the specific entity alone. The numbers listed outside of parentheses indicate the total resources of the given type used by the specific entity and all of its sub-entities in the hierarchy.


+------------------------------------------------------+
; General Register Statistics                          ;
+----------------------------------------------+-------+
; Statistic                                    ; Value ;
+----------------------------------------------+-------+
; Total registers                              ; 64    ;
; Number of registers using Synchronous Clear  ; 0     ;
; Number of registers using Synchronous Load   ; 4     ;
; Number of registers using Asynchronous Clear ; 24    ;
; Number of registers using Asynchronous Load  ; 0     ;
; Number of registers using Clock Enable       ; 3     ;
; Number of registers using Preset             ; 0     ;
+----------------------------------------------+-------+


+-------------------------------------------------------------------------+
; Parameter Settings for User Entity Instance: FreqDiv16:inst1|74161:inst ;
+------------------------+--------+---------------------------------------+
; Parameter Name         ; Value  ; Type                                  ;
+------------------------+--------+---------------------------------------+
; DEVICE_FAMILY          ; MAX II ; Untyped                               ;
; AUTO_CARRY_CHAINS      ; ON     ; AUTO_CARRY                            ;
; IGNORE_CARRY_BUFFERS   ; OFF    ; IGNORE_CARRY                          ;
; AUTO_CASCADE_CHAINS    ; ON     ; AUTO_CASCADE                          ;
; IGNORE_CASCADE_BUFFERS ; OFF    ; IGNORE_CASCADE                        ;
+------------------------+--------+---------------------------------------+
Note: In order to hide this table in the UI and the text report file, please set the "Show Parameter Settings Tables in Synthesis Report" option in "Analysis and Synthesis Settings -> More Settings" to "Off".


+-------------------------------+
; Analysis & Synthesis Messages ;
+-------------------------------+
Info: *******************************************************************
Info: Running Quartus II 64-Bit Analysis & Synthesis
    Info: Version 9.1 Build 222 10/21/2009 SJ Full Version
    Info: Processing started: Fri Oct 27 23:04:59 2023
Info: Command: quartus_map --read_settings_files=on --write_settings_files=off tigger_game -c tigger_game
Info: Parallel compilation is enabled and will use 4 of the 4 processors detected
Info: Found 1 design units, including 1 entities, in source file driver/blockdesignfile/euqal.bdf
    Info: Found entity 1: euqal
Info: Found 2 design units, including 1 entities, in source file driver/blockdesignfile/scan_disp_abcdig.vhd
    Info: Found design unit 1: Scan_Disp_ABCDIG-rtl
    Info: Found entity 1: Scan_Disp_ABCDIG
Info: Found 2 design units, including 1 entities, in source file driver/blockdesignfile/freq_divider.vhd
    Info: Found design unit 1: Freq_Divider-rtl
    Info: Found entity 1: Freq_Divider
Info: Found 1 design units, including 1 entities, in source file driver/blockdesignfile/scandisplay.bdf
    Info: Found entity 1: ScanDisplay
Info: Found 1 design units, including 1 entities, in source file driver/blockdesignfile/freqdiv16.bdf
    Info: Found entity 1: FreqDiv16
Info: Found 1 design units, including 1 entities, in source file driver/tigger_game.bdf
    Info: Found entity 1: tigger_game
Info: Found 1 design units, including 1 entities, in source file driver/blockdesignfile/distincthz.bdf
    Info: Found entity 1: distinctHZ
Info: Found 1 design units, including 1 entities, in source file driver/blockdesignfile/delay_button.bdf
    Info: Found entity 1: delay_button
Info: Found 1 design units, including 1 entities, in source file driver/blockdesignfile/fake_game.bdf
    Info: Found entity 1: fake_game
Info: Found 2 design units, including 1 entities, in source file driver/blockdesignfile/freqdiv16.vhd
    Info: Found design unit 1: FreqDiv_16-behave
    Info: Found entity 1: FreqDiv_16
Info: Found 2 design units, including 1 entities, in source file driver/blockdesignfile/binary_output.vhd
    Info: Found design unit 1: binary_output-behav
    Info: Found entity 1: binary_output
Info: Elaborating entity "tigger_game" for the top level hierarchy
Info: Elaborating entity "Scan_Disp_ABCDIG" for hierarchy "Scan_Disp_ABCDIG:inst31"
Warning (10492): VHDL Process Statement warning at Scan_Disp_ABCDIG.vhd(25): signal "Din0" is read inside the Process Statement but isn't in the Process Statement's sensitivity list
Warning (10492): VHDL Process Statement warning at Scan_Disp_ABCDIG.vhd(26): signal "Din1" is read inside the Process Statement but isn't in the Process Statement's sensitivity list
Warning (10492): VHDL Process Statement warning at Scan_Disp_ABCDIG.vhd(27): signal "Din2" is read inside the Process Statement but isn't in the Process Statement's sensitivity list
Warning (10492): VHDL Process Statement warning at Scan_Disp_ABCDIG.vhd(28): signal "Din3" is read inside the Process Statement but isn't in the Process Statement's sensitivity list
Warning (10492): VHDL Process Statement warning at Scan_Disp_ABCDIG.vhd(29): signal "Din4" is read inside the Process Statement but isn't in the Process Statement's sensitivity list
Warning (10492): VHDL Process Statement warning at Scan_Disp_ABCDIG.vhd(30): signal "Din5" is read inside the Process Statement but isn't in the Process Statement's sensitivity list
Warning (10492): VHDL Process Statement warning at Scan_Disp_ABCDIG.vhd(31): signal "Din6" is read inside the Process Statement but isn't in the Process Statement's sensitivity list
Warning (10492): VHDL Process Statement warning at Scan_Disp_ABCDIG.vhd(32): signal "Din7" is read inside the Process Statement but isn't in the Process Statement's sensitivity list
Info: Elaborating entity "Freq_Divider" for hierarchy "Freq_Divider:inst"
Info: Elaborating entity "distinctHZ" for hierarchy "distinctHZ:inst11"
Info: Elaborating entity "74160" for hierarchy "distinctHZ:inst11|74160:inst"
Info: Elaborated megafunction instantiation "distinctHZ:inst11|74160:inst"
Info: Elaborating entity "FreqDiv16" for hierarchy "FreqDiv16:inst1"
Info: Elaborating entity "74161" for hierarchy "FreqDiv16:inst1|74161:inst"
Info: Elaborated megafunction instantiation "FreqDiv16:inst1|74161:inst"
Info: Elaborating entity "f74161" for hierarchy "FreqDiv16:inst1|74161:inst|f74161:sub"
Info: Elaborated megafunction instantiation "FreqDiv16:inst1|74161:inst|f74161:sub", which is child of megafunction instantiation "FreqDiv16:inst1|74161:inst"
Info: Elaborating entity "delay_button" for hierarchy "delay_button:inst4"
Warning: Block or symbol "GND" of instance "inst29" overlaps another block or symbol
Info: Elaborating entity "fake_game" for hierarchy "fake_game:inst22"
Info: Elaborating entity "euqal" for hierarchy "euqal:inst5"
Info: Elaborating entity "binary_output" for hierarchy "binary_output:inst29"
Warning: Clock multiplexers are found and protected
    Warning: Found clock multiplexer fake_game:inst22|inst2~synth
    Warning: Found clock multiplexer fake_game:inst23|inst2~synth
Warning: Output pins are stuck at VCC or GND
    Warning (13410): Pin "DP" is stuck at VCC
Info: Converted 1 single input CARRY primitives to CARRY_SUM primitives
Info: Implemented 173 device resources after synthesis - the final resource count might be different
    Info: Implemented 4 input pins
    Info: Implemented 25 output pins
    Info: Implemented 144 logic cells
Info: Quartus II 64-Bit Analysis & Synthesis was successful. 0 errors, 14 warnings
    Info: Peak virtual memory: 4453 megabytes
    Info: Processing ended: Fri Oct 27 23:05:01 2023
    Info: Elapsed time: 00:00:02
    Info: Total CPU time (on all processors): 00:00:01


